; NOTE: Assertions have been autogenerated by utils/update_test_checks.py
; Just run it through opt, no passes needed.
; RUN: opt < %s -S | FileCheck %s

define double @fpmathTest(double %a, double %b) {
; CHECK-LABEL: @fpmathTest(
; CHECK-NEXT:  entry:
; CHECK-NEXT:    [[RET:%.*]] = fmul double [[A:%.*]], [[B:%.*]], !fpmath [[FPMATH0:![0-9]+]]
; CHECK-NEXT:    ret double [[RET]]
;
entry:
  %ret = fmul double %a, %b, !fpmath !0
  ret double %ret
}

!0 = !{float 3.0}
